[2025-11-12T23:27:10.695Z] 🚀 === INICIANDO DRT POS ===
[2025-11-12T23:27:10.703Z] 🖥️ Plataforma: win32
[2025-11-12T23:27:10.705Z] 🏗️ Arquitectura: x64
[2025-11-12T23:27:10.708Z] 📁 Directorio actual: C:\workspaceDRT\DRTPos
[2025-11-12T23:27:10.711Z] 📁 __dirname: C:\workspaceDRT\DRTPos\electron
[2025-11-12T23:27:10.713Z] 🔧 Versión Node: v22.19.0
[2025-11-12T23:27:10.715Z] 🔧 Versión Electron: 38.1.0
[2025-11-12T23:27:10.717Z] 📦 Cargando db.js...
[2025-11-12T23:27:10.920Z] ✅ db.js cargado
[2025-11-12T23:27:10.922Z] 📦 Cargando servicios...
[2025-11-12T23:27:22.034Z] ✅ Todos los servicios cargados
[2025-11-12T23:27:22.037Z] 🔍 Detectando entorno...
[2025-11-12T23:27:22.039Z] 🔍 isDev: true
[2025-11-12T23:27:22.041Z] 🔍 app.isPackaged: false
[2025-11-12T23:27:22.043Z] 🔧 Inicializando servicios...
[2025-11-12T23:27:22.044Z] 🔧 Creando ConfigService...
[2025-11-12T23:27:22.065Z] ✅ ConfigService creado
[2025-11-12T23:27:22.068Z] 🔧 Creando LicenseService...
[2025-11-12T23:27:22.090Z] ✅ LicenseService creado
[2025-11-12T23:27:22.091Z] 🔧 Creando otros servicios...
[2025-11-12T23:27:22.098Z] ✅ Todos los servicios inicializados correctamente
[2025-11-12T23:27:22.100Z] 🔓 === MODO LIBRE - SIN VALIDACIÓN DE LICENCIA ===
[2025-11-12T23:27:22.103Z] ✅ Aplicación iniciando en modo libre
[2025-11-12T23:27:22.106Z] 🔌 Configurando IPC Handlers...
[2025-11-12T23:27:22.108Z] ✅ Manejadores IPC adicionales agregados
[2025-11-12T23:27:22.111Z] ✅ Todos los IPC Handlers configurados
[2025-11-12T23:27:22.114Z] 🎉 === INICIALIZACIÓN COMPLETA ===
[2025-11-12T23:27:22.275Z] 🚀 === ELECTRON READY ===
[2025-11-12T23:27:22.277Z] 🪟 === CREANDO VENTANA PRINCIPAL ===
[2025-11-12T23:27:22.364Z] ✅ Ventana principal creada
[2025-11-12T23:27:22.366Z] 🌐 Cargando URL de desarrollo: http://localhost:4200
[2025-11-12T23:27:22.396Z] ✅ URL cargada en ventana
[2025-11-12T23:27:22.397Z] 🔧 Abriendo DevTools (modo desarrollo)
[2025-11-12T23:27:24.123Z] 🎉 === APLICACIÓN LISTA PARA MOSTRAR ===
[2025-11-12T23:27:39.334Z] 🪟 Ventana principal cerrada
[2025-11-12T23:27:39.338Z] 🚪 Todas las ventanas cerradas
[2025-11-12T23:27:39.342Z] 🚪 Cerrando aplicación
[2025-11-12T23:56:02.734Z] 🚀 === INICIANDO DRT POS ===
[2025-11-12T23:56:02.739Z] 🖥️ Plataforma: win32
[2025-11-12T23:56:02.741Z] 🏗️ Arquitectura: x64
[2025-11-12T23:56:02.743Z] 📁 Directorio actual: C:\workspaceDRT\DRTPos
[2025-11-12T23:56:02.744Z] 📁 __dirname: C:\workspaceDRT\DRTPos\electron
[2025-11-12T23:56:02.746Z] 🔧 Versión Node: v22.19.0
[2025-11-12T23:56:02.749Z] 🔧 Versión Electron: 38.1.0
[2025-11-12T23:56:02.751Z] 📦 Cargando db.js...
[2025-11-12T23:56:02.791Z] ✅ db.js cargado
[2025-11-12T23:56:02.793Z] 📦 Cargando servicios...
[2025-11-12T23:56:03.308Z] ✅ Todos los servicios cargados
[2025-11-12T23:56:03.310Z] 🔍 Detectando entorno...
[2025-11-12T23:56:03.313Z] 🔍 isDev: true
[2025-11-12T23:56:03.315Z] 🔍 app.isPackaged: false
[2025-11-12T23:56:03.318Z] 🔧 Inicializando servicios...
[2025-11-12T23:56:03.320Z] 🔧 Creando ConfigService...
[2025-11-12T23:56:03.324Z] ✅ ConfigService creado
[2025-11-12T23:56:03.326Z] 🔧 Creando LicenseService...
[2025-11-12T23:56:03.345Z] ✅ LicenseService creado
[2025-11-12T23:56:03.348Z] 🔧 Creando otros servicios...
[2025-11-12T23:56:03.352Z] ✅ Todos los servicios inicializados correctamente
[2025-11-12T23:56:03.354Z] 🔓 === MODO LIBRE - SIN VALIDACIÓN DE LICENCIA ===
[2025-11-12T23:56:03.356Z] ✅ Aplicación iniciando en modo libre
[2025-11-12T23:56:03.358Z] 🔌 Configurando IPC Handlers...
[2025-11-12T23:56:03.360Z] ✅ Manejadores IPC adicionales agregados
[2025-11-12T23:56:03.362Z] ✅ Todos los IPC Handlers configurados
[2025-11-12T23:56:03.365Z] 🎉 === INICIALIZACIÓN COMPLETA ===
[2025-11-12T23:56:03.438Z] 🚀 === ELECTRON READY ===
[2025-11-12T23:56:03.440Z] 🪟 === CREANDO VENTANA PRINCIPAL ===
[2025-11-12T23:56:03.509Z] ✅ Ventana principal creada
[2025-11-12T23:56:03.511Z] 🌐 Cargando URL de desarrollo: http://localhost:4200
[2025-11-12T23:56:03.532Z] ✅ URL cargada en ventana
[2025-11-12T23:56:03.534Z] 🔧 Abriendo DevTools (modo desarrollo)
[2025-11-12T23:56:06.445Z] 🎉 === APLICACIÓN LISTA PARA MOSTRAR ===
[2025-11-12T23:57:43.098Z] 💰 Procesando pago: {"saleData":{"total":75000,"items":[{"id":26,"name":"Teclado gamer","price":75000,"category_name":"Teclados","stock":1,"quantity":1}],"timestamp":"2025-11-12T23:57:43.112Z"},"clientData":null,"paymentMethod":"Efectivo","requiresInvoice":false,"additionalData":{"cashReceived":100000,"changeAmount":25000}}
[2025-11-12T23:57:43.101Z] ✅ Pago procesado exitosamente: 1762991863101
[2025-11-12T23:58:51.981Z] 🪟 Ventana principal cerrada
[2025-11-12T23:58:51.986Z] 🚪 Todas las ventanas cerradas
[2025-11-12T23:58:51.989Z] 🚪 Cerrando aplicación
[2025-11-13T00:03:14.893Z] 🚀 === INICIANDO DRT POS ===
[2025-11-13T00:03:14.899Z] 🖥️ Plataforma: win32
[2025-11-13T00:03:14.901Z] 🏗️ Arquitectura: x64
[2025-11-13T00:03:14.904Z] 📁 Directorio actual: C:\workspaceDRT\DRTPos
[2025-11-13T00:03:14.908Z] 📁 __dirname: C:\workspaceDRT\DRTPos\electron
[2025-11-13T00:03:14.910Z] 🔧 Versión Node: v22.19.0
[2025-11-13T00:03:14.913Z] 🔧 Versión Electron: 38.1.0
[2025-11-13T00:03:14.915Z] 📦 Cargando db.js...
[2025-11-13T00:03:14.959Z] ✅ db.js cargado
[2025-11-13T00:03:14.961Z] 📦 Cargando servicios...
[2025-11-13T00:03:15.494Z] ✅ Todos los servicios cargados
[2025-11-13T00:03:15.496Z] 🔍 Detectando entorno...
[2025-11-13T00:03:15.498Z] 🔍 isDev: true
[2025-11-13T00:03:15.500Z] 🔍 app.isPackaged: false
[2025-11-13T00:03:15.503Z] 🔧 Inicializando servicios...
[2025-11-13T00:03:15.506Z] 🔧 Creando ConfigService...
[2025-11-13T00:03:15.510Z] ✅ ConfigService creado
[2025-11-13T00:03:15.512Z] 🔧 Creando LicenseService...
[2025-11-13T00:03:15.547Z] ✅ LicenseService creado
[2025-11-13T00:03:15.549Z] 🔧 Creando otros servicios...
[2025-11-13T00:03:15.555Z] ✅ Todos los servicios inicializados correctamente
[2025-11-13T00:03:15.558Z] 🔓 === MODO LIBRE - SIN VALIDACIÓN DE LICENCIA ===
[2025-11-13T00:03:15.561Z] ✅ Aplicación iniciando en modo libre
[2025-11-13T00:03:15.563Z] 🔌 Configurando IPC Handlers...
[2025-11-13T00:03:15.565Z] ✅ Manejadores IPC adicionales agregados
[2025-11-13T00:03:15.567Z] ✅ Todos los IPC Handlers configurados
[2025-11-13T00:03:15.571Z] 🎉 === INICIALIZACIÓN COMPLETA ===
[2025-11-13T00:03:15.645Z] 🚀 === ELECTRON READY ===
[2025-11-13T00:03:15.647Z] 🪟 === CREANDO VENTANA PRINCIPAL ===
[2025-11-13T00:03:15.711Z] ✅ Ventana principal creada
[2025-11-13T00:03:15.713Z] 🌐 Cargando URL de desarrollo: http://localhost:4200
[2025-11-13T00:03:15.745Z] ✅ URL cargada en ventana
[2025-11-13T00:03:15.747Z] 🔧 Abriendo DevTools (modo desarrollo)
[2025-11-13T00:03:18.673Z] 🎉 === APLICACIÓN LISTA PARA MOSTRAR ===
[2025-11-13T00:11:09.270Z] 🚀 === INICIANDO DRT POS ===
[2025-11-13T00:11:09.276Z] 🖥️ Plataforma: win32
[2025-11-13T00:11:09.278Z] 🏗️ Arquitectura: x64
[2025-11-13T00:11:09.280Z] 📁 Directorio actual: C:\workspaceDRT\DRTPos
[2025-11-13T00:11:09.283Z] 📁 __dirname: C:\workspaceDRT\DRTPos\electron
[2025-11-13T00:11:09.285Z] 🔧 Versión Node: v22.19.0
[2025-11-13T00:11:09.287Z] 🔧 Versión Electron: 38.1.0
[2025-11-13T00:11:09.290Z] 📦 Cargando db.js...
[2025-11-13T00:11:09.335Z] ✅ db.js cargado
[2025-11-13T00:11:09.337Z] 📦 Cargando servicios...
[2025-11-13T00:11:09.808Z] ✅ Todos los servicios cargados
[2025-11-13T00:11:09.809Z] 🔍 Detectando entorno...
[2025-11-13T00:11:09.811Z] 🔍 isDev: true
[2025-11-13T00:11:09.813Z] 🔍 app.isPackaged: false
[2025-11-13T00:11:09.816Z] 🔧 Inicializando servicios...
[2025-11-13T00:11:09.818Z] 🔧 Creando ConfigService...
[2025-11-13T00:11:09.823Z] ✅ ConfigService creado
[2025-11-13T00:11:09.825Z] 🔧 Creando LicenseService...
[2025-11-13T00:11:09.843Z] ✅ LicenseService creado
[2025-11-13T00:11:09.845Z] 🔧 Creando otros servicios...
[2025-11-13T00:11:09.850Z] ✅ Todos los servicios inicializados correctamente
[2025-11-13T00:11:09.853Z] 🔓 === MODO LIBRE - SIN VALIDACIÓN DE LICENCIA ===
[2025-11-13T00:11:09.855Z] ✅ Aplicación iniciando en modo libre
[2025-11-13T00:11:09.857Z] 🔌 Configurando IPC Handlers...
[2025-11-13T00:11:09.859Z] ✅ Manejadores IPC adicionales agregados
[2025-11-13T00:11:09.862Z] ✅ Todos los IPC Handlers configurados
[2025-11-13T00:11:09.864Z] 🎉 === INICIALIZACIÓN COMPLETA ===
[2025-11-13T00:11:09.934Z] 🚀 === ELECTRON READY ===
[2025-11-13T00:11:09.937Z] 🪟 === CREANDO VENTANA PRINCIPAL ===
[2025-11-13T00:11:09.997Z] ✅ Ventana principal creada
[2025-11-13T00:11:10.000Z] 🌐 Cargando URL de desarrollo: http://localhost:4200
[2025-11-13T00:11:10.033Z] ✅ URL cargada en ventana
[2025-11-13T00:11:10.035Z] 🔧 Abriendo DevTools (modo desarrollo)
[2025-11-13T00:11:12.778Z] 🎉 === APLICACIÓN LISTA PARA MOSTRAR ===
[2025-11-13T00:19:30.951Z] 🚀 === INICIANDO DRT POS ===
[2025-11-13T00:19:30.956Z] 🖥️ Plataforma: win32
[2025-11-13T00:19:30.959Z] 🏗️ Arquitectura: x64
[2025-11-13T00:19:30.961Z] 📁 Directorio actual: C:\workspaceDRT\DRTPos
[2025-11-13T00:19:30.964Z] 📁 __dirname: C:\workspaceDRT\DRTPos\electron
[2025-11-13T00:19:30.967Z] 🔧 Versión Node: v22.19.0
[2025-11-13T00:19:30.969Z] 🔧 Versión Electron: 38.1.0
[2025-11-13T00:19:30.972Z] 📦 Cargando db.js...
[2025-11-13T00:19:31.019Z] ✅ db.js cargado
[2025-11-13T00:19:31.021Z] 📦 Cargando servicios...
[2025-11-13T00:19:31.537Z] ✅ Todos los servicios cargados
[2025-11-13T00:19:31.539Z] 🔍 Detectando entorno...
[2025-11-13T00:19:31.542Z] 🔍 isDev: true
[2025-11-13T00:19:31.545Z] 🔍 app.isPackaged: false
[2025-11-13T00:19:31.547Z] 🔧 Inicializando servicios...
[2025-11-13T00:19:31.549Z] 🔧 Creando ConfigService...
[2025-11-13T00:19:31.553Z] ✅ ConfigService creado
[2025-11-13T00:19:31.554Z] 🔧 Creando LicenseService...
[2025-11-13T00:19:31.578Z] ✅ LicenseService creado
[2025-11-13T00:19:31.580Z] 🔧 Creando otros servicios...
[2025-11-13T00:19:31.583Z] ✅ Todos los servicios inicializados correctamente
[2025-11-13T00:19:31.585Z] 🔓 === MODO LIBRE - SIN VALIDACIÓN DE LICENCIA ===
[2025-11-13T00:19:31.587Z] ✅ Aplicación iniciando en modo libre
[2025-11-13T00:19:31.590Z] 🔌 Configurando IPC Handlers...
[2025-11-13T00:19:31.593Z] ✅ Manejadores IPC adicionales agregados
[2025-11-13T00:19:31.595Z] ✅ Todos los IPC Handlers configurados
[2025-11-13T00:19:31.597Z] 🎉 === INICIALIZACIÓN COMPLETA ===
[2025-11-13T00:19:31.669Z] 🚀 === ELECTRON READY ===
[2025-11-13T00:19:31.671Z] 🪟 === CREANDO VENTANA PRINCIPAL ===
[2025-11-13T00:19:31.737Z] ✅ Ventana principal creada
[2025-11-13T00:19:31.739Z] 🌐 Cargando URL de desarrollo: http://localhost:4200
[2025-11-13T00:19:31.760Z] ✅ URL cargada en ventana
[2025-11-13T00:19:31.762Z] 🔧 Abriendo DevTools (modo desarrollo)
[2025-11-13T00:19:34.486Z] 🎉 === APLICACIÓN LISTA PARA MOSTRAR ===
[2025-11-13T00:19:48.885Z] ❌ Error en backup:getStats: backupService.getBackupStats is not a function
[2025-11-13T00:19:54.802Z] 📊 Generando reporte por rango: 2025-11-01T00:00:00 a 2025-11-13T23:59:59, granularidad: daily
[2025-11-13T00:19:54.805Z] 📊 Ventas filtradas por fecha: 7
[2025-11-13T00:19:54.829Z] 📊 Agrupando venta: sáb, 08/11, Total: 75000
[2025-11-13T00:19:54.833Z] 📊 Agrupando venta: sáb, 08/11, Total: 255000
[2025-11-13T00:19:54.836Z] 📊 Agrupando venta: sáb, 08/11, Total: 85000
[2025-11-13T00:19:54.839Z] 📊 Agrupando venta: lun, 10/11, Total: 75000
[2025-11-13T00:19:54.842Z] 📊 Agrupando venta: mar, 11/11, Total: 85000
[2025-11-13T00:19:54.845Z] 📊 Agrupando venta: mar, 11/11, Total: 85000
[2025-11-13T00:19:54.848Z] 📊 Agrupando venta: mar, 11/11, Total: 85000
[2025-11-13T00:19:54.852Z] 📊 Períodos procesados: 3
[2025-11-13T00:19:57.778Z] 📊 Generando reporte por productos: 2025-11-01T00:00:00 a 2025-11-13T23:59:59
[2025-11-13T00:19:57.782Z] 📊 Datos encontrados: 18 ventas, 23 detalles, 9 productos
[2025-11-13T00:19:57.785Z] 📊 Ventas filtradas: 7
[2025-11-13T00:19:57.787Z] 📊 Detalles de ventas filtrados: 7
[2025-11-13T00:19:57.790Z] ⚠️ Producto no encontrado: ID 26.0
[2025-11-13T00:19:57.793Z] ⚠️ Producto no encontrado: ID 27.0
[2025-11-13T00:19:57.796Z] ⚠️ Producto no encontrado: ID 27.0
[2025-11-13T00:19:57.799Z] ⚠️ Producto no encontrado: ID 26.0
[2025-11-13T00:19:57.802Z] ⚠️ Producto no encontrado: ID 27.0
[2025-11-13T00:19:57.804Z] ⚠️ Producto no encontrado: ID 27.0
[2025-11-13T00:19:57.806Z] ⚠️ Producto no encontrado: ID 27.0
[2025-11-13T00:19:57.808Z] 📊 Productos procesados: 0
[2025-11-13T00:20:00.110Z] 📊 Generando reporte por categorías: 2025-11-01T00:00:00 a 2025-11-13T23:59:59
[2025-11-13T00:20:00.114Z] 📊 Datos encontrados: 4 categorías
[2025-11-13T00:20:00.117Z] ⚠️ Producto no encontrado para categoría: ID 26.0
[2025-11-13T00:20:00.120Z] ⚠️ Producto no encontrado para categoría: ID 27.0
[2025-11-13T00:20:00.122Z] ⚠️ Producto no encontrado para categoría: ID 27.0
[2025-11-13T00:20:00.126Z] ⚠️ Producto no encontrado para categoría: ID 26.0
[2025-11-13T00:20:00.128Z] ⚠️ Producto no encontrado para categoría: ID 27.0
[2025-11-13T00:20:00.131Z] ⚠️ Producto no encontrado para categoría: ID 27.0
[2025-11-13T00:20:00.134Z] ⚠️ Producto no encontrado para categoría: ID 27.0
[2025-11-13T00:20:00.137Z] 📊 Categorías procesadas: 0
[2025-11-13T00:20:19.683Z] 💰 Procesando pago: {"saleData":{"total":25000,"items":[{"id":29,"name":"Mouse estándar","price":25000,"category_name":"Mouses","stock":6,"quantity":1}],"timestamp":"2025-11-13T00:20:19.696Z"},"clientData":null,"paymentMethod":"Efectivo","requiresInvoice":false,"additionalData":{"cashReceived":50000,"changeAmount":25000}}
[2025-11-13T00:20:19.685Z] ✅ Pago procesado exitosamente: 1762993219685
[2025-11-13T00:20:46.852Z] 📊 Generando reporte por rango: 2025-11-13T00:00:00 a 2025-11-13T23:59:59, granularidad: daily
[2025-11-13T00:20:46.854Z] 📊 Ventas filtradas por fecha: 0
[2025-11-13T00:20:46.856Z] 📊 Períodos procesados: 0
[2025-11-13T00:20:47.659Z] 📊 Generando reporte por productos: 2025-11-13T00:00:00 a 2025-11-13T23:59:59
[2025-11-13T00:20:47.663Z] 📊 Datos encontrados: 18 ventas, 23 detalles, 9 productos
[2025-11-13T00:20:47.665Z] 📊 Ventas filtradas: 0
[2025-11-13T00:20:47.667Z] 📊 Detalles de ventas filtrados: 0
[2025-11-13T00:20:47.670Z] 📊 Productos procesados: 0
[2025-11-13T00:20:50.121Z] 📊 Generando reporte por productos: 2025-11-12T00:00:00 a 2025-11-13T23:59:59
[2025-11-13T00:20:50.124Z] 📊 Datos encontrados: 18 ventas, 23 detalles, 9 productos
[2025-11-13T00:20:50.126Z] 📊 Ventas filtradas: 0
[2025-11-13T00:20:50.128Z] 📊 Detalles de ventas filtrados: 0
[2025-11-13T00:20:50.130Z] 📊 Productos procesados: 0
[2025-11-13T00:20:50.739Z] 📊 Generando reporte por productos: 2025-11-10T00:00:00 a 2025-11-13T23:59:59
[2025-11-13T00:20:50.742Z] 📊 Datos encontrados: 18 ventas, 23 detalles, 9 productos
[2025-11-13T00:20:50.745Z] 📊 Ventas filtradas: 4
[2025-11-13T00:20:50.747Z] 📊 Detalles de ventas filtrados: 4
[2025-11-13T00:20:50.749Z] ⚠️ Producto no encontrado: ID 26.0
[2025-11-13T00:20:50.750Z] ⚠️ Producto no encontrado: ID 27.0
[2025-11-13T00:20:50.753Z] ⚠️ Producto no encontrado: ID 27.0
[2025-11-13T00:20:50.755Z] ⚠️ Producto no encontrado: ID 27.0
[2025-11-13T00:20:50.758Z] 📊 Productos procesados: 0
[2025-11-13T00:20:51.409Z] 📊 Generando reporte por productos: 2025-11-01T00:00:00 a 2025-11-13T23:59:59
[2025-11-13T00:20:51.412Z] 📊 Datos encontrados: 18 ventas, 23 detalles, 9 productos
[2025-11-13T00:20:51.414Z] 📊 Ventas filtradas: 7
[2025-11-13T00:20:51.416Z] 📊 Detalles de ventas filtrados: 7
[2025-11-13T00:20:51.417Z] ⚠️ Producto no encontrado: ID 26.0
[2025-11-13T00:20:51.420Z] ⚠️ Producto no encontrado: ID 27.0
[2025-11-13T00:20:51.423Z] ⚠️ Producto no encontrado: ID 27.0
[2025-11-13T00:20:51.425Z] ⚠️ Producto no encontrado: ID 26.0
[2025-11-13T00:20:51.427Z] ⚠️ Producto no encontrado: ID 27.0
[2025-11-13T00:20:51.429Z] ⚠️ Producto no encontrado: ID 27.0
[2025-11-13T00:20:51.432Z] ⚠️ Producto no encontrado: ID 27.0
[2025-11-13T00:20:51.436Z] 📊 Productos procesados: 0
[2025-11-13T00:20:52.065Z] 📊 Generando reporte por productos: 2025-11-01T00:00:00 a 2025-11-13T23:59:59
[2025-11-13T00:20:52.068Z] 📊 Datos encontrados: 18 ventas, 23 detalles, 9 productos
[2025-11-13T00:20:52.070Z] 📊 Ventas filtradas: 7
[2025-11-13T00:20:52.073Z] 📊 Detalles de ventas filtrados: 7
[2025-11-13T00:20:52.075Z] ⚠️ Producto no encontrado: ID 26.0
[2025-11-13T00:20:52.078Z] ⚠️ Producto no encontrado: ID 27.0
[2025-11-13T00:20:52.080Z] ⚠️ Producto no encontrado: ID 27.0
[2025-11-13T00:20:52.082Z] ⚠️ Producto no encontrado: ID 26.0
[2025-11-13T00:20:52.084Z] ⚠️ Producto no encontrado: ID 27.0
[2025-11-13T00:20:52.086Z] ⚠️ Producto no encontrado: ID 27.0
[2025-11-13T00:20:52.088Z] ⚠️ Producto no encontrado: ID 27.0
[2025-11-13T00:20:52.091Z] 📊 Productos procesados: 0
[2025-11-13T00:21:03.193Z] 📊 Generando reporte por categorías: 2025-11-01T00:00:00 a 2025-11-13T23:59:59
[2025-11-13T00:21:03.197Z] 📊 Datos encontrados: 4 categorías
[2025-11-13T00:21:03.199Z] ⚠️ Producto no encontrado para categoría: ID 26.0
[2025-11-13T00:21:03.201Z] ⚠️ Producto no encontrado para categoría: ID 27.0
[2025-11-13T00:21:03.204Z] ⚠️ Producto no encontrado para categoría: ID 27.0
[2025-11-13T00:21:03.206Z] ⚠️ Producto no encontrado para categoría: ID 26.0
[2025-11-13T00:21:03.210Z] ⚠️ Producto no encontrado para categoría: ID 27.0
[2025-11-13T00:21:03.212Z] ⚠️ Producto no encontrado para categoría: ID 27.0
[2025-11-13T00:21:03.215Z] ⚠️ Producto no encontrado para categoría: ID 27.0
[2025-11-13T00:21:03.218Z] 📊 Categorías procesadas: 0
[2025-11-13T00:22:02.792Z] 📊 Generando reporte por rango: 2025-11-01T00:00:00 a 2025-11-13T23:59:59, granularidad: daily
[2025-11-13T00:22:02.795Z] 📊 Ventas filtradas por fecha: 7
[2025-11-13T00:22:02.797Z] 📊 Agrupando venta: sáb, 08/11, Total: 75000
[2025-11-13T00:22:02.800Z] 📊 Agrupando venta: sáb, 08/11, Total: 255000
[2025-11-13T00:22:02.803Z] 📊 Agrupando venta: sáb, 08/11, Total: 85000
[2025-11-13T00:22:02.806Z] 📊 Agrupando venta: lun, 10/11, Total: 75000
[2025-11-13T00:22:02.811Z] 📊 Agrupando venta: mar, 11/11, Total: 85000
[2025-11-13T00:22:02.814Z] 📊 Agrupando venta: mar, 11/11, Total: 85000
[2025-11-13T00:22:02.817Z] 📊 Agrupando venta: mar, 11/11, Total: 85000
[2025-11-13T00:22:02.820Z] 📊 Períodos procesados: 3
[2025-11-13T00:27:26.164Z] 🪟 Ventana principal cerrada
[2025-11-13T00:27:26.168Z] 🚪 Todas las ventanas cerradas
[2025-11-13T00:27:26.174Z] 🚪 Cerrando aplicación
[2025-11-13T00:33:20.593Z] 🚀 === INICIANDO DRT POS ===
[2025-11-13T00:33:20.599Z] 🖥️ Plataforma: win32
[2025-11-13T00:33:20.602Z] 🏗️ Arquitectura: x64
[2025-11-13T00:33:20.604Z] 📁 Directorio actual: C:\workspaceDRT\DRTPos
[2025-11-13T00:33:20.608Z] 📁 __dirname: C:\workspaceDRT\DRTPos\electron
[2025-11-13T00:33:20.613Z] 🔧 Versión Node: v22.19.0
[2025-11-13T00:33:20.616Z] 🔧 Versión Electron: 38.1.0
[2025-11-13T00:33:20.618Z] 📦 Cargando db.js...
[2025-11-13T00:33:20.665Z] ✅ db.js cargado
[2025-11-13T00:33:20.668Z] 📦 Cargando servicios...
[2025-11-13T00:33:21.243Z] ✅ Todos los servicios cargados
[2025-11-13T00:33:21.245Z] 🔍 Detectando entorno...
[2025-11-13T00:33:21.247Z] 🔍 isDev: true
[2025-11-13T00:33:21.250Z] 🔍 app.isPackaged: false
[2025-11-13T00:33:21.252Z] 🔧 Inicializando servicios...
[2025-11-13T00:33:21.255Z] 🔧 Creando ConfigService...
[2025-11-13T00:33:21.260Z] ✅ ConfigService creado
[2025-11-13T00:33:21.263Z] 🔧 Creando LicenseService...
[2025-11-13T00:33:21.285Z] ✅ LicenseService creado
[2025-11-13T00:33:21.288Z] 🔧 Creando otros servicios...
[2025-11-13T00:33:21.293Z] ✅ Todos los servicios inicializados correctamente
[2025-11-13T00:33:21.296Z] 🔓 === MODO LIBRE - SIN VALIDACIÓN DE LICENCIA ===
[2025-11-13T00:33:21.298Z] ✅ Aplicación iniciando en modo libre
[2025-11-13T00:33:21.300Z] 🔌 Configurando IPC Handlers...
[2025-11-13T00:33:21.302Z] ✅ Manejadores IPC adicionales agregados
[2025-11-13T00:33:21.305Z] ✅ Todos los IPC Handlers configurados
[2025-11-13T00:33:21.307Z] 🎉 === INICIALIZACIÓN COMPLETA ===
[2025-11-13T00:33:21.403Z] 🚀 === ELECTRON READY ===
[2025-11-13T00:33:21.406Z] 🪟 === CREANDO VENTANA PRINCIPAL ===
[2025-11-13T00:33:21.475Z] ✅ Ventana principal creada
[2025-11-13T00:33:21.478Z] 🌐 Cargando URL de desarrollo: http://localhost:4200
[2025-11-13T00:33:21.514Z] ✅ URL cargada en ventana
[2025-11-13T00:33:21.516Z] 🔧 Abriendo DevTools (modo desarrollo)
[2025-11-13T00:33:24.362Z] 🎉 === APLICACIÓN LISTA PARA MOSTRAR ===
[2025-11-13T00:34:53.184Z] 📊 Generando reporte por rango: 2025-11-13T00:00:00 a 2025-11-13T23:59:59, granularidad: daily
[2025-11-13T00:34:53.186Z] 📊 Ventas filtradas por fecha: 0
[2025-11-13T00:34:53.188Z] 📊 Períodos procesados: 0
[2025-11-13T00:34:54.481Z] 📊 Generando reporte por productos: 2025-11-13T00:00:00 a 2025-11-13T23:59:59
[2025-11-13T00:34:54.484Z] 📊 DATOS EN BD - Sales ejemplo:
[2025-11-13T00:34:54.486Z] 📊 DATOS EN BD - DetailSales ejemplo:
[2025-11-13T00:34:54.489Z] 📊 DATOS EN BD - Products ejemplo:
[2025-11-13T00:34:54.491Z] 📊 Datos encontrados: 18 ventas, 23 detalles, 9 productos
[2025-11-13T00:34:54.493Z] 📊 Ventas filtradas: 0
[2025-11-13T00:34:54.496Z] 📊 Detalles de ventas filtrados: 0
[2025-11-13T00:34:54.499Z] 📊 Productos procesados: 0
[2025-11-13T00:34:55.542Z] 📊 Generando reporte por categorías: 2025-11-13T00:00:00 a 2025-11-13T23:59:59
[2025-11-13T00:34:55.546Z] 📊 Datos encontrados: 4 categorías
[2025-11-13T00:34:55.549Z] 📊 Categorías procesadas: 0
[2025-11-13T00:35:01.909Z] 📊 Generando reporte por rango: 2025-11-01T00:00:00 a 2025-11-13T23:59:59, granularidad: daily
[2025-11-13T00:35:01.911Z] 📊 Ventas filtradas por fecha: 7
[2025-11-13T00:35:01.932Z] 📊 Agrupando venta: sáb, 08/11, Total: 75000
[2025-11-13T00:35:01.934Z] 📊 Agrupando venta: sáb, 08/11, Total: 255000
[2025-11-13T00:35:01.938Z] 📊 Agrupando venta: sáb, 08/11, Total: 85000
[2025-11-13T00:35:01.941Z] 📊 Agrupando venta: lun, 10/11, Total: 75000
[2025-11-13T00:35:01.943Z] 📊 Agrupando venta: mar, 11/11, Total: 85000
[2025-11-13T00:35:01.946Z] 📊 Agrupando venta: mar, 11/11, Total: 85000
[2025-11-13T00:35:01.950Z] 📊 Agrupando venta: mar, 11/11, Total: 85000
[2025-11-13T00:35:01.955Z] 📊 Períodos procesados: 3
[2025-11-13T00:35:05.122Z] 📊 Generando reporte por productos: 2025-11-01T00:00:00 a 2025-11-13T23:59:59
[2025-11-13T00:35:05.127Z] 📊 DATOS EN BD - Sales ejemplo:
[2025-11-13T00:35:05.130Z] 📊 DATOS EN BD - DetailSales ejemplo:
[2025-11-13T00:35:05.132Z] 📊 DATOS EN BD - Products ejemplo:
[2025-11-13T00:35:05.136Z] 📊 Datos encontrados: 18 ventas, 23 detalles, 9 productos
[2025-11-13T00:35:05.139Z] 📊 Ventas filtradas: 7
[2025-11-13T00:35:05.141Z] 📊 Detalles de ventas filtrados: 7
[2025-11-13T00:35:05.144Z] ⚠️ Producto no encontrado: ID 26.0
[2025-11-13T00:35:05.148Z] ⚠️ Producto no encontrado: ID 27.0
[2025-11-13T00:35:05.150Z] ⚠️ Producto no encontrado: ID 27.0
[2025-11-13T00:35:05.152Z] ⚠️ Producto no encontrado: ID 26.0
[2025-11-13T00:35:05.155Z] ⚠️ Producto no encontrado: ID 27.0
[2025-11-13T00:35:05.158Z] ⚠️ Producto no encontrado: ID 27.0
[2025-11-13T00:35:05.160Z] ⚠️ Producto no encontrado: ID 27.0
[2025-11-13T00:35:05.162Z] 📊 Productos procesados: 0
[2025-11-13T00:35:06.515Z] 📊 Generando reporte por categorías: 2025-11-01T00:00:00 a 2025-11-13T23:59:59
[2025-11-13T00:35:06.518Z] 📊 Datos encontrados: 4 categorías
[2025-11-13T00:35:06.520Z] ⚠️ Producto no encontrado para categoría: ID 26.0
[2025-11-13T00:35:06.522Z] ⚠️ Producto no encontrado para categoría: ID 27.0
[2025-11-13T00:35:06.526Z] ⚠️ Producto no encontrado para categoría: ID 27.0
[2025-11-13T00:35:06.528Z] ⚠️ Producto no encontrado para categoría: ID 26.0
[2025-11-13T00:35:06.530Z] ⚠️ Producto no encontrado para categoría: ID 27.0
[2025-11-13T00:35:06.532Z] ⚠️ Producto no encontrado para categoría: ID 27.0
[2025-11-13T00:35:06.535Z] ⚠️ Producto no encontrado para categoría: ID 27.0
[2025-11-13T00:35:06.538Z] 📊 Categorías procesadas: 0
[2025-11-13T00:35:10.468Z] 📊 Generando reporte por rango: 2025-11-01T00:00:00 a 2025-11-13T23:59:59, granularidad: daily
[2025-11-13T00:35:10.471Z] 📊 Ventas filtradas por fecha: 7
[2025-11-13T00:35:10.474Z] 📊 Agrupando venta: sáb, 08/11, Total: 75000
[2025-11-13T00:35:10.478Z] 📊 Agrupando venta: sáb, 08/11, Total: 255000
[2025-11-13T00:35:10.481Z] 📊 Agrupando venta: sáb, 08/11, Total: 85000
[2025-11-13T00:35:10.483Z] 📊 Agrupando venta: lun, 10/11, Total: 75000
[2025-11-13T00:35:10.486Z] 📊 Agrupando venta: mar, 11/11, Total: 85000
[2025-11-13T00:35:10.488Z] 📊 Agrupando venta: mar, 11/11, Total: 85000
[2025-11-13T00:35:10.492Z] 📊 Agrupando venta: mar, 11/11, Total: 85000
[2025-11-13T00:35:10.494Z] 📊 Períodos procesados: 3
[2025-11-13T00:35:24.404Z] 📄 PDF exportado: C:\Users\JoseGonzalez\Desktop\reportTest.pdf
[2025-11-13T00:39:12.641Z] 🚀 === INICIANDO DRT POS ===
[2025-11-13T00:39:12.647Z] 🖥️ Plataforma: win32
[2025-11-13T00:39:12.649Z] 🏗️ Arquitectura: x64
[2025-11-13T00:39:12.651Z] 📁 Directorio actual: C:\workspaceDRT\DRTPos
[2025-11-13T00:39:12.654Z] 📁 __dirname: C:\workspaceDRT\DRTPos\electron
[2025-11-13T00:39:12.656Z] 🔧 Versión Node: v22.19.0
[2025-11-13T00:39:12.659Z] 🔧 Versión Electron: 38.1.0
[2025-11-13T00:39:12.662Z] 📦 Cargando db.js...
[2025-11-13T00:39:12.706Z] ✅ db.js cargado
[2025-11-13T00:39:12.708Z] 📦 Cargando servicios...
[2025-11-13T00:39:13.222Z] ✅ Todos los servicios cargados
[2025-11-13T00:39:13.223Z] 🔍 Detectando entorno...
[2025-11-13T00:39:13.226Z] 🔍 isDev: true
[2025-11-13T00:39:13.229Z] 🔍 app.isPackaged: false
[2025-11-13T00:39:13.232Z] 🔧 Inicializando servicios...
[2025-11-13T00:39:13.233Z] 🔧 Creando ConfigService...
[2025-11-13T00:39:13.237Z] ✅ ConfigService creado
[2025-11-13T00:39:13.240Z] 🔧 Creando LicenseService...
[2025-11-13T00:39:13.260Z] ✅ LicenseService creado
[2025-11-13T00:39:13.262Z] 🔧 Creando otros servicios...
[2025-11-13T00:39:13.268Z] ✅ Todos los servicios inicializados correctamente
[2025-11-13T00:39:13.271Z] 🔓 === MODO LIBRE - SIN VALIDACIÓN DE LICENCIA ===
[2025-11-13T00:39:13.273Z] ✅ Aplicación iniciando en modo libre
[2025-11-13T00:39:13.275Z] 🔌 Configurando IPC Handlers...
[2025-11-13T00:39:13.278Z] ✅ Manejadores IPC adicionales agregados
[2025-11-13T00:39:13.280Z] ✅ Todos los IPC Handlers configurados
[2025-11-13T00:39:13.283Z] 🎉 === INICIALIZACIÓN COMPLETA ===
[2025-11-13T00:39:13.357Z] 🚀 === ELECTRON READY ===
[2025-11-13T00:39:13.360Z] 🪟 === CREANDO VENTANA PRINCIPAL ===
[2025-11-13T00:39:13.426Z] ✅ Ventana principal creada
[2025-11-13T00:39:13.429Z] 🌐 Cargando URL de desarrollo: http://localhost:4200
[2025-11-13T00:39:13.464Z] ✅ URL cargada en ventana
[2025-11-13T00:39:13.467Z] 🔧 Abriendo DevTools (modo desarrollo)
[2025-11-13T00:39:16.431Z] 🎉 === APLICACIÓN LISTA PARA MOSTRAR ===
[2025-11-13T00:40:35.048Z] 📊 Generando reporte por rango: 2025-11-13T00:00:00 a 2025-11-13T23:59:59, granularidad: daily
[2025-11-13T00:40:35.052Z] 📊 Ventas filtradas por fecha: 0
[2025-11-13T00:40:35.055Z] 📊 Períodos procesados: 0
[2025-11-13T00:40:37.311Z] 📊 Generando reporte por productos: 2025-11-13T00:00:00 a 2025-11-13T23:59:59
[2025-11-13T00:40:37.314Z] 🧹 Limpiando 23 registros huérfanos automáticamente
[2025-11-13T00:40:37.316Z] ❌ Error eliminando huérfano undefined: no such column: product_id
[2025-11-13T00:40:37.319Z] 📊 DATOS EN BD - Sales ejemplo:
[2025-11-13T00:40:37.322Z] 📊 DATOS EN BD - DetailSales ejemplo:
[2025-11-13T00:40:37.325Z] 📊 DATOS EN BD - Products ejemplo:
[2025-11-13T00:40:37.328Z] 📊 Datos encontrados: 18 ventas, 23 detalles, 9 productos
[2025-11-13T00:40:37.331Z] 📊 Ventas filtradas: 0
[2025-11-13T00:40:37.334Z] 📊 Detalles de ventas filtrados: 0
[2025-11-13T00:40:37.337Z] 📊 Productos procesados: 0
[2025-11-13T00:40:39.480Z] 📊 Generando reporte por categorías: 2025-11-13T00:00:00 a 2025-11-13T23:59:59
[2025-11-13T00:40:39.483Z] 📊 Datos encontrados: 4 categorías
[2025-11-13T00:40:39.485Z] 🧹 Limpiando 23 registros huérfanos automáticamente en categorías
[2025-11-13T00:40:39.487Z] ❌ Error eliminando huérfano undefined: no such column: product_id
[2025-11-13T00:40:39.489Z] 📊 Categorías procesadas: 0
[2025-11-13T00:40:41.293Z] 📊 Generando reporte por categorías: 2025-11-13T00:00:00 a 2025-11-13T23:59:59
[2025-11-13T00:40:41.297Z] 📊 Datos encontrados: 4 categorías
[2025-11-13T00:40:41.299Z] 🧹 Limpiando 23 registros huérfanos automáticamente en categorías
[2025-11-13T00:40:41.302Z] ❌ Error eliminando huérfano undefined: no such column: product_id
[2025-11-13T00:40:41.304Z] 📊 Categorías procesadas: 0
[2025-11-13T00:40:41.749Z] 📊 Generando reporte por rango: 2025-11-13T00:00:00 a 2025-11-13T23:59:59, granularidad: daily
[2025-11-13T00:40:41.752Z] 📊 Ventas filtradas por fecha: 0
[2025-11-13T00:40:41.755Z] 📊 Períodos procesados: 0
[2025-11-13T00:41:15.080Z] 💰 Procesando pago: {"saleData":{"total":150000,"items":[{"id":34,"name":"Camiseta","price":150000,"category_name":"Teclados","stock":23,"quantity":1}],"timestamp":"2025-11-13T00:41:15.081Z"},"clientData":null,"paymentMethod":"Efectivo","requiresInvoice":false,"additionalData":{"cashReceived":200000,"changeAmount":50000}}
[2025-11-13T00:41:15.082Z] ✅ Pago procesado exitosamente: 1762994475082
[2025-11-13T00:41:30.566Z] 📊 Generando reporte por rango: 2025-11-13T00:00:00 a 2025-11-13T23:59:59, granularidad: daily
[2025-11-13T00:41:30.569Z] 📊 Ventas filtradas por fecha: 0
[2025-11-13T00:41:30.571Z] 📊 Períodos procesados: 0
[2025-11-13T00:41:31.739Z] 📊 Generando reporte por productos: 2025-11-13T00:00:00 a 2025-11-13T23:59:59
[2025-11-13T00:41:31.741Z] 🧹 Limpiando 23 registros huérfanos automáticamente
[2025-11-13T00:41:31.744Z] ❌ Error eliminando huérfano undefined: no such column: product_id
[2025-11-13T00:41:31.745Z] 📊 DATOS EN BD - Sales ejemplo:
[2025-11-13T00:41:31.747Z] 📊 DATOS EN BD - DetailSales ejemplo:
[2025-11-13T00:41:31.749Z] 📊 DATOS EN BD - Products ejemplo:
[2025-11-13T00:41:31.751Z] 📊 Datos encontrados: 18 ventas, 23 detalles, 9 productos
[2025-11-13T00:41:31.754Z] 📊 Ventas filtradas: 0
[2025-11-13T00:41:31.757Z] 📊 Detalles de ventas filtrados: 0
[2025-11-13T00:41:31.759Z] 📊 Productos procesados: 0
[2025-11-13T00:41:54.324Z] 📊 Generando reporte por productos: 2025-11-01T00:00:00 a 2025-11-13T23:59:59
[2025-11-13T00:41:54.327Z] 🧹 Limpiando 23 registros huérfanos automáticamente
[2025-11-13T00:41:54.330Z] ❌ Error eliminando huérfano undefined: no such column: product_id
[2025-11-13T00:41:54.332Z] 📊 DATOS EN BD - Sales ejemplo:
[2025-11-13T00:41:54.334Z] 📊 DATOS EN BD - DetailSales ejemplo:
[2025-11-13T00:41:54.336Z] 📊 DATOS EN BD - Products ejemplo:
[2025-11-13T00:41:54.338Z] 📊 Datos encontrados: 18 ventas, 23 detalles, 9 productos
[2025-11-13T00:41:54.340Z] 📊 Ventas filtradas: 7
[2025-11-13T00:41:54.343Z] 📊 Detalles de ventas filtrados: 7
[2025-11-13T00:41:54.345Z] ⚠️ Producto no encontrado: ID undefined
[2025-11-13T00:41:54.348Z] ⚠️ Producto no encontrado: ID undefined
[2025-11-13T00:41:54.351Z] ⚠️ Producto no encontrado: ID undefined
[2025-11-13T00:41:54.354Z] ⚠️ Producto no encontrado: ID undefined
[2025-11-13T00:41:54.357Z] ⚠️ Producto no encontrado: ID undefined
[2025-11-13T00:41:54.360Z] ⚠️ Producto no encontrado: ID undefined
[2025-11-13T00:41:54.363Z] ⚠️ Producto no encontrado: ID undefined
[2025-11-13T00:41:54.365Z] 📊 Productos procesados: 0
[2025-11-13T00:41:56.279Z] 📊 Generando reporte por rango: 2025-11-01T00:00:00 a 2025-11-13T23:59:59, granularidad: daily
[2025-11-13T00:41:56.282Z] 📊 Ventas filtradas por fecha: 7
[2025-11-13T00:41:56.285Z] 📊 Agrupando venta: sáb, 08/11, Total: 75000
[2025-11-13T00:41:56.288Z] 📊 Agrupando venta: sáb, 08/11, Total: 255000
[2025-11-13T00:41:56.291Z] 📊 Agrupando venta: sáb, 08/11, Total: 85000
[2025-11-13T00:41:56.294Z] 📊 Agrupando venta: lun, 10/11, Total: 75000
[2025-11-13T00:41:56.297Z] 📊 Agrupando venta: mar, 11/11, Total: 85000
[2025-11-13T00:41:56.301Z] 📊 Agrupando venta: mar, 11/11, Total: 85000
[2025-11-13T00:41:56.303Z] 📊 Agrupando venta: mar, 11/11, Total: 85000
[2025-11-13T00:41:56.307Z] 📊 Períodos procesados: 3
[2025-11-13T00:41:57.167Z] 📊 Generando reporte por productos: 2025-11-01T00:00:00 a 2025-11-13T23:59:59
[2025-11-13T00:41:57.171Z] 🧹 Limpiando 23 registros huérfanos automáticamente
[2025-11-13T00:41:57.174Z] ❌ Error eliminando huérfano undefined: no such column: product_id
[2025-11-13T00:41:57.177Z] 📊 DATOS EN BD - Sales ejemplo:
[2025-11-13T00:41:57.179Z] 📊 DATOS EN BD - DetailSales ejemplo:
[2025-11-13T00:41:57.182Z] 📊 DATOS EN BD - Products ejemplo:
[2025-11-13T00:41:57.184Z] 📊 Datos encontrados: 18 ventas, 23 detalles, 9 productos
[2025-11-13T00:41:57.186Z] 📊 Ventas filtradas: 7
[2025-11-13T00:41:57.189Z] 📊 Detalles de ventas filtrados: 7
[2025-11-13T00:41:57.191Z] ⚠️ Producto no encontrado: ID undefined
[2025-11-13T00:41:57.193Z] ⚠️ Producto no encontrado: ID undefined
[2025-11-13T00:41:57.196Z] ⚠️ Producto no encontrado: ID undefined
[2025-11-13T00:41:57.199Z] ⚠️ Producto no encontrado: ID undefined
[2025-11-13T00:41:57.201Z] ⚠️ Producto no encontrado: ID undefined
[2025-11-13T00:41:57.204Z] ⚠️ Producto no encontrado: ID undefined
[2025-11-13T00:41:57.207Z] ⚠️ Producto no encontrado: ID undefined
[2025-11-13T00:41:57.210Z] 📊 Productos procesados: 0
[2025-11-13T00:41:58.356Z] 📊 Generando reporte por categorías: 2025-11-01T00:00:00 a 2025-11-13T23:59:59
[2025-11-13T00:41:58.360Z] 📊 Datos encontrados: 4 categorías
[2025-11-13T00:41:58.363Z] 🧹 Limpiando 23 registros huérfanos automáticamente en categorías
[2025-11-13T00:41:58.365Z] ❌ Error eliminando huérfano undefined: no such column: product_id
[2025-11-13T00:41:58.368Z] ⚠️ Producto no encontrado para categoría: ID undefined
[2025-11-13T00:41:58.370Z] ⚠️ Producto no encontrado para categoría: ID undefined
[2025-11-13T00:41:58.373Z] ⚠️ Producto no encontrado para categoría: ID undefined
[2025-11-13T00:41:58.375Z] ⚠️ Producto no encontrado para categoría: ID undefined
[2025-11-13T00:41:58.377Z] ⚠️ Producto no encontrado para categoría: ID undefined
[2025-11-13T00:41:58.380Z] ⚠️ Producto no encontrado para categoría: ID undefined
[2025-11-13T00:41:58.383Z] ⚠️ Producto no encontrado para categoría: ID undefined
[2025-11-13T00:41:58.386Z] 📊 Categorías procesadas: 0
[2025-11-13T00:45:20.157Z] 🚀 === INICIANDO DRT POS ===
[2025-11-13T00:45:20.164Z] 🖥️ Plataforma: win32
[2025-11-13T00:45:20.167Z] 🏗️ Arquitectura: x64
[2025-11-13T00:45:20.169Z] 📁 Directorio actual: C:\workspaceDRT\DRTPos
[2025-11-13T00:45:20.172Z] 📁 __dirname: C:\workspaceDRT\DRTPos\electron
[2025-11-13T00:45:20.175Z] 🔧 Versión Node: v22.19.0
[2025-11-13T00:45:20.177Z] 🔧 Versión Electron: 38.1.0
[2025-11-13T00:45:20.181Z] 📦 Cargando db.js...
[2025-11-13T00:45:20.227Z] ✅ db.js cargado
[2025-11-13T00:45:20.230Z] 📦 Cargando servicios...
[2025-11-13T00:45:20.741Z] ✅ Todos los servicios cargados
[2025-11-13T00:45:20.743Z] 🔍 Detectando entorno...
[2025-11-13T00:45:20.746Z] 🔍 isDev: true
[2025-11-13T00:45:20.748Z] 🔍 app.isPackaged: false
[2025-11-13T00:45:20.751Z] 🔧 Inicializando servicios...
[2025-11-13T00:45:20.754Z] 🔧 Creando ConfigService...
[2025-11-13T00:45:20.758Z] ✅ ConfigService creado
[2025-11-13T00:45:20.760Z] 🔧 Creando LicenseService...
[2025-11-13T00:45:20.782Z] ✅ LicenseService creado
[2025-11-13T00:45:20.784Z] 🔧 Creando otros servicios...
[2025-11-13T00:45:20.789Z] ✅ Todos los servicios inicializados correctamente
[2025-11-13T00:45:20.791Z] 🔓 === MODO LIBRE - SIN VALIDACIÓN DE LICENCIA ===
[2025-11-13T00:45:20.794Z] ✅ Aplicación iniciando en modo libre
[2025-11-13T00:45:20.796Z] 🔌 Configurando IPC Handlers...
[2025-11-13T00:45:20.798Z] ✅ Manejadores IPC adicionales agregados
[2025-11-13T00:45:20.801Z] ✅ Todos los IPC Handlers configurados
[2025-11-13T00:45:20.804Z] 🎉 === INICIALIZACIÓN COMPLETA ===
[2025-11-13T00:45:20.878Z] 🚀 === ELECTRON READY ===
[2025-11-13T00:45:20.881Z] 🪟 === CREANDO VENTANA PRINCIPAL ===
[2025-11-13T00:45:20.946Z] ✅ Ventana principal creada
[2025-11-13T00:45:20.949Z] 🌐 Cargando URL de desarrollo: http://localhost:4200
[2025-11-13T00:45:20.965Z] ✅ URL cargada en ventana
[2025-11-13T00:45:20.967Z] 🔧 Abriendo DevTools (modo desarrollo)
[2025-11-13T00:45:23.779Z] 🎉 === APLICACIÓN LISTA PARA MOSTRAR ===
[2025-11-13T00:46:05.436Z] 📊 Generando reporte por rango: 2025-11-13T00:00:00 a 2025-11-13T23:59:59, granularidad: daily
[2025-11-13T00:46:05.438Z] 📊 Ventas filtradas por fecha: 0
[2025-11-13T00:46:05.440Z] 📊 Períodos procesados: 0
[2025-11-13T00:46:08.956Z] 📊 Generando reporte por productos: 2025-11-13T00:00:00 a 2025-11-13T23:59:59
[2025-11-13T00:46:08.960Z] 🧹 Limpiando 23 registros huérfanos automáticamente
[2025-11-13T00:46:08.969Z] ✅ Eliminado producto huérfano ID: 29.0
[2025-11-13T00:46:08.978Z] ✅ Eliminado producto huérfano ID: 28.0
[2025-11-13T00:46:08.988Z] ✅ Eliminado producto huérfano ID: 26.0
[2025-11-13T00:46:09.003Z] ✅ Eliminado producto huérfano ID: 27.0
[2025-11-13T00:46:09.016Z] ✅ Eliminado producto huérfano ID: 31.0
[2025-11-13T00:46:09.030Z] ✅ Eliminado producto huérfano ID: 30.0
[2025-11-13T00:46:09.043Z] ✅ Eliminado producto huérfano ID: 33.0
[2025-11-13T00:46:09.057Z] ✅ Eliminado producto huérfano ID: 32.0
[2025-11-13T00:46:09.059Z] 📊 DATOS EN BD - Sales ejemplo:
[2025-11-13T00:46:09.062Z] 📊 DATOS EN BD - DetailSales ejemplo:
[2025-11-13T00:46:09.064Z] 📊 DATOS EN BD - Products ejemplo:
[2025-11-13T00:46:09.066Z] 📊 Datos encontrados: 18 ventas, 23 detalles, 9 productos
[2025-11-13T00:46:09.069Z] 📊 Ventas filtradas: 0
[2025-11-13T00:46:09.071Z] 📊 Detalles de ventas filtrados: 0
[2025-11-13T00:46:09.074Z] 📊 Productos procesados: 0
[2025-11-13T00:46:10.507Z] 📊 Generando reporte por categorías: 2025-11-13T00:00:00 a 2025-11-13T23:59:59
[2025-11-13T00:46:10.510Z] 📊 Datos encontrados: 4 categorías
[2025-11-13T00:46:10.512Z] 📊 Categorías procesadas: 0
[2025-11-13T00:46:16.079Z] 📊 Generando reporte por categorías: 2025-11-01T00:00:00 a 2025-11-13T23:59:59
[2025-11-13T00:46:16.082Z] 📊 Datos encontrados: 4 categorías
[2025-11-13T00:46:16.085Z] 📊 Categorías procesadas: 0
[2025-11-13T00:46:16.529Z] 📊 Generando reporte por rango: 2025-11-01T00:00:00 a 2025-11-13T23:59:59, granularidad: daily
[2025-11-13T00:46:16.532Z] 📊 Ventas filtradas por fecha: 7
[2025-11-13T00:46:16.552Z] 📊 Agrupando venta: sáb, 08/11, Total: 75000
[2025-11-13T00:46:16.554Z] 📊 Agrupando venta: sáb, 08/11, Total: 255000
[2025-11-13T00:46:16.556Z] 📊 Agrupando venta: sáb, 08/11, Total: 85000
[2025-11-13T00:46:16.559Z] 📊 Agrupando venta: lun, 10/11, Total: 75000
[2025-11-13T00:46:16.562Z] 📊 Agrupando venta: mar, 11/11, Total: 85000
[2025-11-13T00:46:16.565Z] 📊 Agrupando venta: mar, 11/11, Total: 85000
[2025-11-13T00:46:16.567Z] 📊 Agrupando venta: mar, 11/11, Total: 85000
[2025-11-13T00:46:16.571Z] 📊 Períodos procesados: 3
[2025-11-13T00:46:24.025Z] 📊 Generando reporte por productos: 2025-11-01T00:00:00 a 2025-11-13T23:59:59
[2025-11-13T00:46:24.027Z] 📊 DATOS EN BD - Sales ejemplo:
[2025-11-13T00:46:24.029Z] 📊 DATOS EN BD - DetailSales ejemplo:
[2025-11-13T00:46:24.031Z] 📊 DATOS EN BD - Products ejemplo:
[2025-11-13T00:46:24.033Z] 📊 Datos encontrados: 18 ventas, 0 detalles, 9 productos
[2025-11-13T00:46:24.035Z] 📊 Ventas filtradas: 7
[2025-11-13T00:46:24.037Z] 📊 Detalles de ventas filtrados: 0
[2025-11-13T00:46:24.039Z] 📊 Productos procesados: 0
[2025-11-13T00:46:25.313Z] 📊 Generando reporte por categorías: 2025-11-01T00:00:00 a 2025-11-13T23:59:59
[2025-11-13T00:46:25.316Z] 📊 Datos encontrados: 4 categorías
[2025-11-13T00:46:25.318Z] 📊 Categorías procesadas: 0
[2025-11-13T00:51:49.966Z] 🚀 === INICIANDO DRT POS ===
[2025-11-13T00:51:49.971Z] 🖥️ Plataforma: win32
[2025-11-13T00:51:49.974Z] 🏗️ Arquitectura: x64
[2025-11-13T00:51:49.977Z] 📁 Directorio actual: C:\workspaceDRT\DRTPos
[2025-11-13T00:51:49.980Z] 📁 __dirname: C:\workspaceDRT\DRTPos\electron
[2025-11-13T00:51:49.982Z] 🔧 Versión Node: v22.19.0
[2025-11-13T00:51:49.984Z] 🔧 Versión Electron: 38.1.0
[2025-11-13T00:51:49.987Z] 📦 Cargando db.js...
[2025-11-13T00:51:50.041Z] ✅ db.js cargado
[2025-11-13T00:51:50.044Z] 📦 Cargando servicios...
[2025-11-13T00:51:50.646Z] ✅ Todos los servicios cargados
[2025-11-13T00:51:50.648Z] 🔍 Detectando entorno...
[2025-11-13T00:51:50.650Z] 🔍 isDev: true
[2025-11-13T00:51:50.653Z] 🔍 app.isPackaged: false
[2025-11-13T00:51:50.655Z] 🔧 Inicializando servicios...
[2025-11-13T00:51:50.657Z] 🔧 Creando ConfigService...
[2025-11-13T00:51:50.661Z] ✅ ConfigService creado
[2025-11-13T00:51:50.662Z] 🔧 Creando LicenseService...
[2025-11-13T00:51:50.685Z] ✅ LicenseService creado
[2025-11-13T00:51:50.687Z] 🔧 Creando otros servicios...
[2025-11-13T00:51:50.692Z] ✅ Todos los servicios inicializados correctamente
[2025-11-13T00:51:50.694Z] 🔓 === MODO LIBRE - SIN VALIDACIÓN DE LICENCIA ===
[2025-11-13T00:51:50.696Z] ✅ Aplicación iniciando en modo libre
[2025-11-13T00:51:50.701Z] 🔌 Configurando IPC Handlers...
[2025-11-13T00:51:50.704Z] ✅ Manejadores IPC adicionales agregados
[2025-11-13T00:51:50.706Z] ✅ Todos los IPC Handlers configurados
[2025-11-13T00:51:50.708Z] 🎉 === INICIALIZACIÓN COMPLETA ===
[2025-11-13T00:51:50.787Z] 🚀 === ELECTRON READY ===
[2025-11-13T00:51:50.789Z] 🪟 === CREANDO VENTANA PRINCIPAL ===
[2025-11-13T00:51:50.860Z] ✅ Ventana principal creada
[2025-11-13T00:51:50.863Z] 🌐 Cargando URL de desarrollo: http://localhost:4200
[2025-11-13T00:51:50.881Z] ✅ URL cargada en ventana
[2025-11-13T00:51:50.885Z] 🔧 Abriendo DevTools (modo desarrollo)
[2025-11-13T00:51:51.899Z] 🎉 === APLICACIÓN LISTA PARA MOSTRAR ===
[2025-11-13T00:52:51.344Z] 🚀 === INICIANDO DRT POS ===
[2025-11-13T00:52:51.350Z] 🖥️ Plataforma: win32
[2025-11-13T00:52:51.353Z] 🏗️ Arquitectura: x64
[2025-11-13T00:52:51.355Z] 📁 Directorio actual: C:\workspaceDRT\DRTPos
[2025-11-13T00:52:51.358Z] 📁 __dirname: C:\workspaceDRT\DRTPos\electron
[2025-11-13T00:52:51.361Z] 🔧 Versión Node: v22.19.0
[2025-11-13T00:52:51.364Z] 🔧 Versión Electron: 38.1.0
[2025-11-13T00:52:51.366Z] 📦 Cargando db.js...
[2025-11-13T00:52:51.410Z] ✅ db.js cargado
[2025-11-13T00:52:51.412Z] 📦 Cargando servicios...
[2025-11-13T00:52:51.868Z] ✅ Todos los servicios cargados
[2025-11-13T00:52:51.869Z] 🔍 Detectando entorno...
[2025-11-13T00:52:51.872Z] 🔍 isDev: true
[2025-11-13T00:52:51.874Z] 🔍 app.isPackaged: false
[2025-11-13T00:52:51.876Z] 🔧 Inicializando servicios...
[2025-11-13T00:52:51.879Z] 🔧 Creando ConfigService...
[2025-11-13T00:52:51.883Z] ✅ ConfigService creado
[2025-11-13T00:52:51.886Z] 🔧 Creando LicenseService...
[2025-11-13T00:52:51.906Z] ✅ LicenseService creado
[2025-11-13T00:52:51.908Z] 🔧 Creando otros servicios...
[2025-11-13T00:52:51.914Z] ✅ Todos los servicios inicializados correctamente
[2025-11-13T00:52:51.916Z] 🔓 === MODO LIBRE - SIN VALIDACIÓN DE LICENCIA ===
[2025-11-13T00:52:51.918Z] ✅ Aplicación iniciando en modo libre
[2025-11-13T00:52:51.922Z] 🔌 Configurando IPC Handlers...
[2025-11-13T00:52:51.925Z] ✅ Manejadores IPC adicionales agregados
[2025-11-13T00:52:51.928Z] ✅ Todos los IPC Handlers configurados
[2025-11-13T00:52:51.930Z] 🎉 === INICIALIZACIÓN COMPLETA ===
[2025-11-13T00:52:52.002Z] 🚀 === ELECTRON READY ===
[2025-11-13T00:52:52.005Z] 🪟 === CREANDO VENTANA PRINCIPAL ===
[2025-11-13T00:52:52.071Z] ✅ Ventana principal creada
[2025-11-13T00:52:52.074Z] 🌐 Cargando URL de desarrollo: http://localhost:4200
[2025-11-13T00:52:52.097Z] ✅ URL cargada en ventana
[2025-11-13T00:52:52.099Z] 🔧 Abriendo DevTools (modo desarrollo)
[2025-11-13T00:52:54.952Z] 🎉 === APLICACIÓN LISTA PARA MOSTRAR ===
[2025-11-13T00:53:40.756Z] 📊 Generando reporte por rango: 2025-11-13T00:00:00 a 2025-11-13T23:59:59, granularidad: daily
[2025-11-13T00:53:40.758Z] 📊 Ventas filtradas por fecha: 0
[2025-11-13T00:53:40.761Z] 📊 Períodos procesados: 0
[2025-11-13T00:53:41.820Z] 📊 Generando reporte por productos: 2025-11-13T00:00:00 a 2025-11-13T23:59:59
[2025-11-13T00:53:41.823Z] 📊 DATOS EN BD - Sales ejemplo:
[2025-11-13T00:53:41.825Z] 📊 DATOS EN BD - DetailSales ejemplo:
[2025-11-13T00:53:41.827Z] 📊 DATOS EN BD - Products ejemplo:
[2025-11-13T00:53:41.830Z] 📊 Datos encontrados: 18 ventas, 0 detalles, 9 productos
[2025-11-13T00:53:41.833Z] 📊 Ventas filtradas: 0
[2025-11-13T00:53:41.835Z] 📊 Detalles de ventas filtrados: 0
[2025-11-13T00:53:41.837Z] 📊 Productos procesados: 0
[2025-11-13T00:53:42.693Z] 📊 Generando reporte por categorías: 2025-11-13T00:00:00 a 2025-11-13T23:59:59
[2025-11-13T00:53:42.697Z] 📊 Datos encontrados: 4 categorías
[2025-11-13T00:53:42.700Z] 📊 Categorías procesadas: 0
[2025-11-13T00:53:44.920Z] 📊 Generando reporte por categorías: 2025-11-13T00:00:00 a 2025-11-13T23:59:59
[2025-11-13T00:53:44.922Z] 📊 Datos encontrados: 4 categorías
[2025-11-13T00:53:44.924Z] 📊 Categorías procesadas: 0
[2025-11-13T00:54:34.690Z] 💰 Procesando pago: {"saleData":{"total":25000,"items":[{"id":29,"name":"Mouse estándar","price":25000,"category_name":"Mouses","stock":6,"quantity":1}],"timestamp":"2025-11-13T00:54:34.690Z"},"clientData":null,"paymentMethod":"Tarjeta","requiresInvoice":false,"additionalData":{"cashReceived":0,"changeAmount":0}}
[2025-11-13T00:54:34.693Z] ✅ Pago procesado exitosamente: 1762995274693
[2025-11-13T00:54:43.946Z] 📊 Generando reporte por rango: 2025-11-13T00:00:00 a 2025-11-13T23:59:59, granularidad: daily
[2025-11-13T00:54:43.950Z] 📊 Ventas filtradas por fecha: 0
[2025-11-13T00:54:43.953Z] 📊 Períodos procesados: 0
[2025-11-13T00:54:44.882Z] 📊 Generando reporte por productos: 2025-11-13T00:00:00 a 2025-11-13T23:59:59
[2025-11-13T00:54:44.886Z] 📊 DATOS EN BD - Sales ejemplo:
[2025-11-13T00:54:44.888Z] 📊 DATOS EN BD - DetailSales ejemplo:
[2025-11-13T00:54:44.891Z] 📊 DATOS EN BD - Products ejemplo:
[2025-11-13T00:54:44.893Z] 📊 Datos encontrados: 18 ventas, 0 detalles, 9 productos
[2025-11-13T00:54:44.895Z] 📊 Ventas filtradas: 0
[2025-11-13T00:54:44.897Z] 📊 Detalles de ventas filtrados: 0
[2025-11-13T00:54:44.900Z] 📊 Productos procesados: 0
[2025-11-13T00:54:45.755Z] 📊 Generando reporte por categorías: 2025-11-13T00:00:00 a 2025-11-13T23:59:59
[2025-11-13T00:54:45.758Z] 📊 Datos encontrados: 4 categorías
[2025-11-13T00:54:45.759Z] 📊 Categorías procesadas: 0
[2025-11-13T00:54:48.785Z] 📊 Generando reporte por categorías: 2025-11-13T00:00:00 a 2025-11-13T23:59:59
[2025-11-13T00:54:48.789Z] 📊 Datos encontrados: 4 categorías
[2025-11-13T00:54:48.791Z] 📊 Categorías procesadas: 0
[2025-11-13T00:54:51.707Z] 📊 Generando reporte por rango: 2025-11-01T00:00:00 a 2025-11-13T23:59:59, granularidad: daily
[2025-11-13T00:54:51.709Z] 📊 Ventas filtradas por fecha: 7
[2025-11-13T00:54:51.713Z] 📊 Agrupando venta: sáb, 08/11, Total: 75000
[2025-11-13T00:54:51.717Z] 📊 Agrupando venta: sáb, 08/11, Total: 255000
[2025-11-13T00:54:51.719Z] 📊 Agrupando venta: sáb, 08/11, Total: 85000
[2025-11-13T00:54:51.723Z] 📊 Agrupando venta: lun, 10/11, Total: 75000
[2025-11-13T00:54:51.726Z] 📊 Agrupando venta: mar, 11/11, Total: 85000
[2025-11-13T00:54:51.729Z] 📊 Agrupando venta: mar, 11/11, Total: 85000
[2025-11-13T00:54:51.731Z] 📊 Agrupando venta: mar, 11/11, Total: 85000
[2025-11-13T00:54:51.735Z] 📊 Períodos procesados: 3
[2025-11-13T00:54:52.795Z] 📊 Generando reporte por productos: 2025-11-01T00:00:00 a 2025-11-13T23:59:59
[2025-11-13T00:54:52.797Z] 📊 DATOS EN BD - Sales ejemplo:
[2025-11-13T00:54:52.800Z] 📊 DATOS EN BD - DetailSales ejemplo:
[2025-11-13T00:54:52.801Z] 📊 DATOS EN BD - Products ejemplo:
[2025-11-13T00:54:52.804Z] 📊 Datos encontrados: 18 ventas, 0 detalles, 9 productos
[2025-11-13T00:54:52.806Z] 📊 Ventas filtradas: 7
[2025-11-13T00:54:52.809Z] 📊 Detalles de ventas filtrados: 0
[2025-11-13T00:54:52.812Z] 📊 Productos procesados: 0
[2025-11-13T00:54:54.172Z] 📊 Generando reporte por categorías: 2025-11-01T00:00:00 a 2025-11-13T23:59:59
[2025-11-13T00:54:54.175Z] 📊 Datos encontrados: 4 categorías
[2025-11-13T00:54:54.178Z] 📊 Categorías procesadas: 0
[2025-11-13T00:54:58.136Z] 📊 Generando reporte por rango: 2025-11-12T00:00:00 a 2025-11-13T23:59:59, granularidad: daily
[2025-11-13T00:54:58.139Z] 📊 Ventas filtradas por fecha: 0
[2025-11-13T00:54:58.142Z] 📊 Períodos procesados: 0
[2025-11-13T00:54:58.728Z] 📊 Generando reporte por productos: 2025-11-12T00:00:00 a 2025-11-13T23:59:59
[2025-11-13T00:54:58.734Z] 📊 DATOS EN BD - Sales ejemplo:
[2025-11-13T00:54:58.737Z] 📊 DATOS EN BD - DetailSales ejemplo:
[2025-11-13T00:54:58.739Z] 📊 DATOS EN BD - Products ejemplo:
[2025-11-13T00:54:58.742Z] 📊 Datos encontrados: 18 ventas, 0 detalles, 9 productos
[2025-11-13T00:54:58.744Z] 📊 Ventas filtradas: 0
[2025-11-13T00:54:58.747Z] 📊 Detalles de ventas filtrados: 0
[2025-11-13T00:54:58.751Z] 📊 Productos procesados: 0
[2025-11-13T00:54:59.305Z] 📊 Generando reporte por categorías: 2025-11-12T00:00:00 a 2025-11-13T23:59:59
[2025-11-13T00:54:59.308Z] 📊 Datos encontrados: 4 categorías
[2025-11-13T00:54:59.311Z] 📊 Categorías procesadas: 0
[2025-11-13T00:57:08.039Z] 🚀 === INICIANDO DRT POS ===
[2025-11-13T00:57:08.046Z] 🖥️ Plataforma: win32
[2025-11-13T00:57:08.048Z] 🏗️ Arquitectura: x64
[2025-11-13T00:57:08.051Z] 📁 Directorio actual: C:\workspaceDRT\DRTPos
[2025-11-13T00:57:08.054Z] 📁 __dirname: C:\workspaceDRT\DRTPos\electron
[2025-11-13T00:57:08.057Z] 🔧 Versión Node: v22.19.0
[2025-11-13T00:57:08.060Z] 🔧 Versión Electron: 38.1.0
[2025-11-13T00:57:08.062Z] 📦 Cargando db.js...
[2025-11-13T00:57:08.105Z] ✅ db.js cargado
[2025-11-13T00:57:08.107Z] 📦 Cargando servicios...
[2025-11-13T00:57:08.614Z] ✅ Todos los servicios cargados
[2025-11-13T00:57:08.615Z] 🔍 Detectando entorno...
[2025-11-13T00:57:08.618Z] 🔍 isDev: true
[2025-11-13T00:57:08.620Z] 🔍 app.isPackaged: false
[2025-11-13T00:57:08.623Z] 🔧 Inicializando servicios...
[2025-11-13T00:57:08.625Z] 🔧 Creando ConfigService...
[2025-11-13T00:57:08.629Z] ✅ ConfigService creado
[2025-11-13T00:57:08.631Z] 🔧 Creando LicenseService...
[2025-11-13T00:57:08.652Z] ✅ LicenseService creado
[2025-11-13T00:57:08.655Z] 🔧 Creando otros servicios...
[2025-11-13T00:57:08.662Z] ✅ Todos los servicios inicializados correctamente
[2025-11-13T00:57:08.664Z] 🔓 === MODO LIBRE - SIN VALIDACIÓN DE LICENCIA ===
[2025-11-13T00:57:08.666Z] ✅ Aplicación iniciando en modo libre
[2025-11-13T00:57:08.668Z] 🔌 Configurando IPC Handlers...
[2025-11-13T00:57:08.670Z] ✅ Manejadores IPC adicionales agregados
[2025-11-13T00:57:08.673Z] ✅ Todos los IPC Handlers configurados
[2025-11-13T00:57:08.675Z] 🎉 === INICIALIZACIÓN COMPLETA ===
[2025-11-13T00:57:08.749Z] 🚀 === ELECTRON READY ===
[2025-11-13T00:57:08.751Z] 🪟 === CREANDO VENTANA PRINCIPAL ===
[2025-11-13T00:57:08.816Z] ✅ Ventana principal creada
[2025-11-13T00:57:08.818Z] 🌐 Cargando URL de desarrollo: http://localhost:4200
[2025-11-13T00:57:08.846Z] ✅ URL cargada en ventana
[2025-11-13T00:57:08.849Z] 🔧 Abriendo DevTools (modo desarrollo)
[2025-11-13T00:57:11.596Z] 🎉 === APLICACIÓN LISTA PARA MOSTRAR ===
[2025-11-13T00:58:01.902Z] 💰 Procesando pago: {"saleData":{"total":25000,"items":[{"id":29,"name":"Mouse estándar","price":25000,"category_name":"Mouses","stock":6,"quantity":1}],"timestamp":"2025-11-13T00:58:01.901Z"},"clientData":null,"paymentMethod":"Efectivo","requiresInvoice":false,"additionalData":{"cashReceived":25000,"changeAmount":0}}
[2025-11-13T00:58:01.905Z] 💰 GUARDANDO VENTA - Datos:
[2025-11-13T00:58:01.914Z] 💰 VENTA GUARDADA - ID: 19
[2025-11-13T00:58:01.916Z] 💰 GUARDANDO 1 DETALLES DE VENTA
[2025-11-13T00:58:01.918Z] 💰 DETALLE 1:
[2025-11-13T00:58:01.926Z] 💰 DETALLE GUARDADO - ID: 24
[2025-11-13T00:58:01.929Z] ✅ Pago procesado exitosamente: 1762995481929
[2025-11-13T00:58:20.558Z] 📊 Generando reporte por rango: 2025-11-13T00:00:00 a 2025-11-13T23:59:59, granularidad: daily
[2025-11-13T00:58:20.561Z] 📊 Ventas filtradas por fecha: 0
[2025-11-13T00:58:20.563Z] 📊 Períodos procesados: 0
[2025-11-13T00:58:21.877Z] 📊 Generando reporte por productos: 2025-11-13T00:00:00 a 2025-11-13T23:59:59
[2025-11-13T00:58:21.881Z] 📊 DATOS EN BD - Sales ejemplo:
[2025-11-13T00:58:21.883Z] 📊 DATOS EN BD - DetailSales ejemplo:
[2025-11-13T00:58:21.887Z] 📊 DATOS EN BD - Products ejemplo:
[2025-11-13T00:58:21.890Z] 📊 Datos encontrados: 19 ventas, 1 detalles, 9 productos
[2025-11-13T00:58:21.893Z] 📊 Ventas filtradas: 0
[2025-11-13T00:58:21.896Z] 📊 Detalles de ventas filtrados: 0
[2025-11-13T00:58:21.898Z] 📊 Productos procesados: 0
[2025-11-13T00:58:22.603Z] 📊 Generando reporte por categorías: 2025-11-13T00:00:00 a 2025-11-13T23:59:59
[2025-11-13T00:58:22.607Z] 📊 Datos encontrados: 4 categorías
[2025-11-13T00:58:22.609Z] 📊 Categorías procesadas: 0
[2025-11-13T01:00:40.686Z] 🚀 === INICIANDO DRT POS ===
[2025-11-13T01:00:40.693Z] 🖥️ Plataforma: win32
[2025-11-13T01:00:40.696Z] 🏗️ Arquitectura: x64
[2025-11-13T01:00:40.699Z] 📁 Directorio actual: C:\workspaceDRT\DRTPos
[2025-11-13T01:00:40.702Z] 📁 __dirname: C:\workspaceDRT\DRTPos\electron
[2025-11-13T01:00:40.705Z] 🔧 Versión Node: v22.19.0
[2025-11-13T01:00:40.707Z] 🔧 Versión Electron: 38.1.0
[2025-11-13T01:00:40.710Z] 📦 Cargando db.js...
[2025-11-13T01:00:40.754Z] ✅ db.js cargado
[2025-11-13T01:00:40.757Z] 📦 Cargando servicios...
[2025-11-13T01:00:41.289Z] ✅ Todos los servicios cargados
[2025-11-13T01:00:41.292Z] 🔍 Detectando entorno...
[2025-11-13T01:00:41.294Z] 🔍 isDev: true
[2025-11-13T01:00:41.296Z] 🔍 app.isPackaged: false
[2025-11-13T01:00:41.299Z] 🔧 Inicializando servicios...
[2025-11-13T01:00:41.301Z] 🔧 Creando ConfigService...
[2025-11-13T01:00:41.306Z] ✅ ConfigService creado
[2025-11-13T01:00:41.309Z] 🔧 Creando LicenseService...
[2025-11-13T01:00:41.327Z] ✅ LicenseService creado
[2025-11-13T01:00:41.329Z] 🔧 Creando otros servicios...
[2025-11-13T01:00:41.333Z] ✅ Todos los servicios inicializados correctamente
[2025-11-13T01:00:41.335Z] 🔓 === MODO LIBRE - SIN VALIDACIÓN DE LICENCIA ===
[2025-11-13T01:00:41.338Z] ✅ Aplicación iniciando en modo libre
[2025-11-13T01:00:41.340Z] 🔌 Configurando IPC Handlers...
[2025-11-13T01:00:41.342Z] ✅ Manejadores IPC adicionales agregados
[2025-11-13T01:00:41.345Z] ✅ Todos los IPC Handlers configurados
[2025-11-13T01:00:41.347Z] 🎉 === INICIALIZACIÓN COMPLETA ===
[2025-11-13T01:00:41.418Z] 🚀 === ELECTRON READY ===
[2025-11-13T01:00:41.421Z] 🪟 === CREANDO VENTANA PRINCIPAL ===
[2025-11-13T01:00:41.484Z] ✅ Ventana principal creada
[2025-11-13T01:00:41.486Z] 🌐 Cargando URL de desarrollo: http://localhost:4200
[2025-11-13T01:00:41.523Z] ✅ URL cargada en ventana
[2025-11-13T01:00:41.525Z] 🔧 Abriendo DevTools (modo desarrollo)
[2025-11-13T01:00:42.164Z] 🎉 === APLICACIÓN LISTA PARA MOSTRAR ===
[2025-11-13T01:01:11.788Z] 🚀 === INICIANDO DRT POS ===
[2025-11-13T01:01:11.794Z] 🖥️ Plataforma: win32
[2025-11-13T01:01:11.797Z] 🏗️ Arquitectura: x64
[2025-11-13T01:01:11.800Z] 📁 Directorio actual: C:\workspaceDRT\DRTPos
[2025-11-13T01:01:11.803Z] 📁 __dirname: C:\workspaceDRT\DRTPos\electron
[2025-11-13T01:01:11.806Z] 🔧 Versión Node: v22.19.0
[2025-11-13T01:01:11.808Z] 🔧 Versión Electron: 38.1.0
[2025-11-13T01:01:11.810Z] 📦 Cargando db.js...
[2025-11-13T01:01:11.853Z] ✅ db.js cargado
[2025-11-13T01:01:11.855Z] 📦 Cargando servicios...
[2025-11-13T01:01:12.358Z] ✅ Todos los servicios cargados
[2025-11-13T01:01:12.359Z] 🔍 Detectando entorno...
[2025-11-13T01:01:12.361Z] 🔍 isDev: true
[2025-11-13T01:01:12.363Z] 🔍 app.isPackaged: false
[2025-11-13T01:01:12.365Z] 🔧 Inicializando servicios...
[2025-11-13T01:01:12.367Z] 🔧 Creando ConfigService...
[2025-11-13T01:01:12.371Z] ✅ ConfigService creado
[2025-11-13T01:01:12.373Z] 🔧 Creando LicenseService...
[2025-11-13T01:01:12.391Z] ✅ LicenseService creado
[2025-11-13T01:01:12.393Z] 🔧 Creando otros servicios...
[2025-11-13T01:01:12.398Z] ✅ Todos los servicios inicializados correctamente
[2025-11-13T01:01:12.400Z] 🔓 === MODO LIBRE - SIN VALIDACIÓN DE LICENCIA ===
[2025-11-13T01:01:12.403Z] ✅ Aplicación iniciando en modo libre
[2025-11-13T01:01:12.405Z] 🔌 Configurando IPC Handlers...
[2025-11-13T01:01:12.407Z] ✅ Manejadores IPC adicionales agregados
[2025-11-13T01:01:12.409Z] ✅ Todos los IPC Handlers configurados
[2025-11-13T01:01:12.411Z] 🎉 === INICIALIZACIÓN COMPLETA ===
[2025-11-13T01:01:12.483Z] 🚀 === ELECTRON READY ===
[2025-11-13T01:01:12.485Z] 🪟 === CREANDO VENTANA PRINCIPAL ===
[2025-11-13T01:01:12.550Z] ✅ Ventana principal creada
[2025-11-13T01:01:12.552Z] 🌐 Cargando URL de desarrollo: http://localhost:4200
[2025-11-13T01:01:12.600Z] ✅ URL cargada en ventana
[2025-11-13T01:01:12.603Z] 🔧 Abriendo DevTools (modo desarrollo)
[2025-11-13T01:01:15.280Z] 🎉 === APLICACIÓN LISTA PARA MOSTRAR ===
[2025-11-13T01:01:32.385Z] 📊 Generando reporte por rango: 2025-11-13T00:00:00 a 2025-11-13T23:59:59, granularidad: daily
[2025-11-13T01:01:32.388Z] 📊 Ventas filtradas por fecha: 0
[2025-11-13T01:01:32.390Z] 📊 Períodos procesados: 0
[2025-11-13T01:01:33.126Z] 📊 Generando reporte por productos: 2025-11-13T00:00:00 a 2025-11-13T23:59:59
[2025-11-13T01:01:33.129Z] 📊 DATOS EN BD - Sales ejemplo (últimas 2):
[2025-11-13T01:01:33.132Z] 📊 DATOS EN BD - DetailSales ejemplo:
[2025-11-13T01:01:33.134Z] 📊 DATOS EN BD - Products ejemplo:
[2025-11-13T01:01:33.137Z] 📊 Datos encontrados: 19 ventas, 1 detalles, 9 productos
[2025-11-13T01:01:33.140Z] 🔍 FILTRO DEBUG - Primera venta:
[2025-11-13T01:01:33.142Z]   📅 date_sale original: "2025-10-23T00:33:05.486Z"
[2025-11-13T01:01:33.145Z]   📅 saleDate parseada: 2025-10-23T00:33:05.486Z
[2025-11-13T01:01:33.147Z]   📅 from: "2025-11-13T00:00:00" -> 2025-11-13T05:00:00.000Z
[2025-11-13T01:01:33.149Z]   📅 to: "2025-11-13T23:59:59" -> 2025-11-14T04:59:59.000Z
[2025-11-13T01:01:33.152Z]   ✅ En rango: false
[2025-11-13T01:01:33.154Z] 📊 Ventas filtradas: 0
[2025-11-13T01:01:33.157Z] 📊 Detalles de ventas filtrados: 0
[2025-11-13T01:01:33.160Z] 📊 Productos procesados: 0
[2025-11-13T01:01:33.788Z] 📊 Generando reporte por categorías: 2025-11-13T00:00:00 a 2025-11-13T23:59:59
[2025-11-13T01:01:33.791Z] 📊 Datos encontrados: 4 categorías
[2025-11-13T01:01:33.793Z] 📊 Categorías procesadas: 0
[2025-11-13T01:03:41.853Z] 🚀 === INICIANDO DRT POS ===
[2025-11-13T01:03:41.860Z] 🖥️ Plataforma: win32
[2025-11-13T01:03:41.862Z] 🏗️ Arquitectura: x64
[2025-11-13T01:03:41.865Z] 📁 Directorio actual: C:\workspaceDRT\DRTPos
[2025-11-13T01:03:41.868Z] 📁 __dirname: C:\workspaceDRT\DRTPos\electron
[2025-11-13T01:03:41.870Z] 🔧 Versión Node: v22.19.0
[2025-11-13T01:03:41.873Z] 🔧 Versión Electron: 38.1.0
[2025-11-13T01:03:41.877Z] 📦 Cargando db.js...
[2025-11-13T01:03:41.926Z] ✅ db.js cargado
[2025-11-13T01:03:41.928Z] 📦 Cargando servicios...
[2025-11-13T01:03:42.476Z] ✅ Todos los servicios cargados
[2025-11-13T01:03:42.477Z] 🔍 Detectando entorno...
[2025-11-13T01:03:42.479Z] 🔍 isDev: true
[2025-11-13T01:03:42.481Z] 🔍 app.isPackaged: false
[2025-11-13T01:03:42.484Z] 🔧 Inicializando servicios...
[2025-11-13T01:03:42.488Z] 🔧 Creando ConfigService...
[2025-11-13T01:03:42.492Z] ✅ ConfigService creado
[2025-11-13T01:03:42.495Z] 🔧 Creando LicenseService...
[2025-11-13T01:03:42.518Z] ✅ LicenseService creado
[2025-11-13T01:03:42.521Z] 🔧 Creando otros servicios...
[2025-11-13T01:03:42.526Z] ✅ Todos los servicios inicializados correctamente
[2025-11-13T01:03:42.528Z] 🔓 === MODO LIBRE - SIN VALIDACIÓN DE LICENCIA ===
[2025-11-13T01:03:42.531Z] ✅ Aplicación iniciando en modo libre
[2025-11-13T01:03:42.533Z] 🔌 Configurando IPC Handlers...
[2025-11-13T01:03:42.538Z] ✅ Manejadores IPC adicionales agregados
[2025-11-13T01:03:42.541Z] ✅ Todos los IPC Handlers configurados
[2025-11-13T01:03:42.544Z] 🎉 === INICIALIZACIÓN COMPLETA ===
[2025-11-13T01:03:42.636Z] 🚀 === ELECTRON READY ===
[2025-11-13T01:03:42.639Z] 🪟 === CREANDO VENTANA PRINCIPAL ===
[2025-11-13T01:03:42.715Z] ✅ Ventana principal creada
[2025-11-13T01:03:42.717Z] 🌐 Cargando URL de desarrollo: http://localhost:4200
[2025-11-13T01:03:42.756Z] ✅ URL cargada en ventana
[2025-11-13T01:03:42.758Z] 🔧 Abriendo DevTools (modo desarrollo)
[2025-11-13T01:03:43.539Z] 🎉 === APLICACIÓN LISTA PARA MOSTRAR ===
[2025-11-13T01:04:11.089Z] 📊 Generando reporte por rango: 2025-11-13T00:00:00 a 2025-11-13T23:59:59, granularidad: daily
[2025-11-13T01:04:11.093Z] 📊 Ventas filtradas por fecha: 0
[2025-11-13T01:04:11.096Z] 📊 Períodos procesados: 0
[2025-11-13T01:04:18.452Z] 📊 Generando reporte por productos: 2025-11-13T00:00:00 a 2025-11-13T23:59:59
[2025-11-13T01:04:18.456Z] 📊 DATOS EN BD - Sales ejemplo (últimas 2):
[2025-11-13T01:04:18.458Z] 📊 DATOS EN BD - DetailSales ejemplo:
[2025-11-13T01:04:18.461Z] 📊 DATOS EN BD - Products ejemplo:
[2025-11-13T01:04:18.463Z] 📊 Datos encontrados: 19 ventas, 1 detalles, 9 productos
[2025-11-13T01:04:18.467Z] 🔍 FILTRO DEBUG - Primera venta:
[2025-11-13T01:04:18.470Z]   📅 date_sale original: "2025-10-23T00:33:05.486Z"
[2025-11-13T01:04:18.473Z]   📅 saleDate parseada: 2025-10-23T00:33:05.486Z
[2025-11-13T01:04:18.475Z]   📅 from: "2025-11-13T00:00:00" -> 2025-11-13T05:00:00.000Z
[2025-11-13T01:04:18.477Z]   📅 to: "2025-11-13T23:59:59" -> 2025-11-13T23:59:59.000Z
[2025-11-13T01:04:18.479Z]   ✅ En rango: false
[2025-11-13T01:04:18.482Z] 📊 Ventas filtradas: 0
[2025-11-13T01:04:18.486Z] 📊 Detalles de ventas filtrados: 0
[2025-11-13T01:04:18.489Z] 📊 Productos procesados: 0
[2025-11-13T01:04:20.029Z] 📊 Generando reporte por categorías: 2025-11-13T00:00:00 a 2025-11-13T23:59:59
[2025-11-13T01:04:20.033Z] 📊 Datos encontrados: 4 categorías
[2025-11-13T01:04:20.037Z] 📊 Categorías procesadas: 0
[2025-11-13T01:04:35.768Z] 💰 Procesando pago: {"saleData":{"total":25000,"items":[{"id":29,"name":"Mouse estándar","price":25000,"category_name":"Mouses","stock":6,"quantity":1}],"timestamp":"2025-11-13T01:04:35.777Z"},"clientData":null,"paymentMethod":"Efectivo","requiresInvoice":false,"additionalData":{"cashReceived":25000,"changeAmount":0}}
[2025-11-13T01:04:35.770Z] 💰 GUARDANDO VENTA - Datos:
[2025-11-13T01:04:35.784Z] 💰 VENTA GUARDADA - ID: 20
[2025-11-13T01:04:35.786Z] 💰 GUARDANDO 1 DETALLES DE VENTA
[2025-11-13T01:04:35.788Z] 💰 DETALLE 1:
[2025-11-13T01:04:35.801Z] 💰 DETALLE GUARDADO - ID: 25
[2025-11-13T01:04:35.803Z] ✅ Pago procesado exitosamente: 1762995875803
[2025-11-13T01:04:54.526Z] 📊 Generando reporte por rango: 2025-11-13T00:00:00 a 2025-11-13T23:59:59, granularidad: daily
[2025-11-13T01:04:54.528Z] 📊 Ventas filtradas por fecha: 0
[2025-11-13T01:04:54.530Z] 📊 Períodos procesados: 0
[2025-11-13T01:04:55.416Z] 📊 Generando reporte por productos: 2025-11-13T00:00:00 a 2025-11-13T23:59:59
[2025-11-13T01:04:55.420Z] 📊 DATOS EN BD - Sales ejemplo (últimas 2):
[2025-11-13T01:04:55.422Z] 📊 DATOS EN BD - DetailSales ejemplo:
[2025-11-13T01:04:55.425Z] 📊 DATOS EN BD - Products ejemplo:
[2025-11-13T01:04:55.428Z] 📊 Datos encontrados: 20 ventas, 2 detalles, 9 productos
[2025-11-13T01:04:55.430Z] 🔍 FILTRO DEBUG - Primera venta:
[2025-11-13T01:04:55.432Z]   📅 date_sale original: "2025-10-23T00:33:05.486Z"
[2025-11-13T01:04:55.435Z]   📅 saleDate parseada: 2025-10-23T00:33:05.486Z
[2025-11-13T01:04:55.437Z]   📅 from: "2025-11-13T00:00:00" -> 2025-11-13T05:00:00.000Z
[2025-11-13T01:04:55.440Z]   📅 to: "2025-11-13T23:59:59" -> 2025-11-13T23:59:59.000Z
[2025-11-13T01:04:55.443Z]   ✅ En rango: false
[2025-11-13T01:04:55.445Z] 📊 Ventas filtradas: 0
[2025-11-13T01:04:55.448Z] 📊 Detalles de ventas filtrados: 0
[2025-11-13T01:04:55.450Z] 📊 Productos procesados: 0
[2025-11-13T01:04:56.133Z] 📊 Generando reporte por categorías: 2025-11-13T00:00:00 a 2025-11-13T23:59:59
[2025-11-13T01:04:56.136Z] 📊 Datos encontrados: 4 categorías
[2025-11-13T01:04:56.137Z] 📊 Categorías procesadas: 0
